
> server@1.0.0 watch
> nodemon

[33m[nodemon] 3.1.14[39m
[33m[nodemon] to restart at any time, enter `rs`[39m
[33m[nodemon] watching path(s): src/**/*[39m
[33m[nodemon] watching extensions: ts[39m
[32m[nodemon] starting `tsc && node dist/index.js`[39m
Database connected successfully.
Server is running on http://localhost:8000
[32m[nodemon] restarting due to changes...[39m
[32m[nodemon] starting `tsc && node dist/index.js`[39m
Database connected successfully.
Server is running on http://localhost:8000
[32m[nodemon] clean exit - waiting for changes before restart[39m
[32m[nodemon] restarting due to changes...[39m
[32m[nodemon] starting `tsc && node dist/index.js`[39m
Database connected successfully.
Server is running on http://localhost:8000
Razorpay order creation failed: {
  statusCode: 401,
  error: { code: 'BAD_REQUEST_ERROR', description: 'Authentication failed' }
}
Razorpay order creation failed: {
  statusCode: 401,
  error: { description: 'Authentication failed', code: 'BAD_REQUEST_ERROR' }
}
Razorpay order creation failed: {
  statusCode: 401,
  error: { code: 'BAD_REQUEST_ERROR', description: 'Authentication failed' }
}
Razorpay order creation failed: {
  statusCode: 401,
  error: { code: 'BAD_REQUEST_ERROR', description: 'Authentication failed' }
}
Razorpay order creation failed: {
  statusCode: 401,
  error: { description: 'Authentication failed', code: 'BAD_REQUEST_ERROR' }
}
[32m[nodemon] restarting due to changes...[39m
[32m[nodemon] starting `tsc && node dist/index.js`[39m
Database connected successfully.
Server is running on http://localhost:8000
Razorpay order creation failed: {
  statusCode: 401,
  error: { description: 'Authentication failed', code: 'BAD_REQUEST_ERROR' }
}
Razorpay order creation failed: {
  statusCode: 401,
  error: { code: 'BAD_REQUEST_ERROR', description: 'Authentication failed' }
}
Razorpay order creation failed: {
  statusCode: 401,
  error: { code: 'BAD_REQUEST_ERROR', description: 'Authentication failed' }
}
Razorpay order creation failed: {
  statusCode: 401,
  error: { description: 'Authentication failed', code: 'BAD_REQUEST_ERROR' }
}
[32m[nodemon] restarting due to changes...[39m
[32m[nodemon] starting `tsc && node dist/index.js`[39m
Database connected successfully.
Server is running on http://localhost:8000
[32m[nodemon] clean exit - waiting for changes before restart[39m
[32m[nodemon] restarting due to changes...[39m
[32m[nodemon] starting `tsc && node dist/index.js`[39m
Database connected successfully.
Server is running on http://localhost:8000
[32m[nodemon] clean exit - waiting for changes before restart[39m
[32m[nodemon] restarting due to changes...[39m
[32m[nodemon] starting `tsc && node dist/index.js`[39m
src/modules/ai/service.ts(74,24): error TS18047: 'genAI' is possibly 'null'.
[31m[nodemon] app crashed - waiting for file changes before starting...[39m
[32m[nodemon] restarting due to changes...[39m
[32m[nodemon] starting `tsc && node dist/index.js`[39m
Database initialization failed: QueryFailedError: column "googlePlaceId" of relation "businesses" already exists
    at PostgresQueryRunner.query (/Users/shivraj/Desktop/TEJAS/ReviewManager/Server/node_modules/typeorm/driver/postgres/PostgresQueryRunner.js:216:19)
    at process.processTicksAndRejections (node:internal/process/task_queues:104:5)
    at async PostgresQueryRunner.executeQueries (/Users/shivraj/Desktop/TEJAS/ReviewManager/Server/node_modules/typeorm/query-runner/BaseQueryRunner.js:441:13)
    at async PostgresQueryRunner.addColumn (/Users/shivraj/Desktop/TEJAS/ReviewManager/Server/node_modules/typeorm/driver/postgres/PostgresQueryRunner.js:695:9)
    at async PostgresQueryRunner.addColumns (/Users/shivraj/Desktop/TEJAS/ReviewManager/Server/node_modules/typeorm/driver/postgres/PostgresQueryRunner.js:704:13)
    at async RdbmsSchemaBuilder.addNewColumns (/Users/shivraj/Desktop/TEJAS/ReviewManager/Server/node_modules/typeorm/schema-builder/RdbmsSchemaBuilder.js:570:13)
    at async RdbmsSchemaBuilder.executeSchemaSyncOperationsInProperOrder (/Users/shivraj/Desktop/TEJAS/ReviewManager/Server/node_modules/typeorm/schema-builder/RdbmsSchemaBuilder.js:169:9)
    at async RdbmsSchemaBuilder.build (/Users/shivraj/Desktop/TEJAS/ReviewManager/Server/node_modules/typeorm/schema-builder/RdbmsSchemaBuilder.js:66:13)
    at async DataSource.synchronize (/Users/shivraj/Desktop/TEJAS/ReviewManager/Server/node_modules/typeorm/data-source/DataSource.js:212:9)
    at async DataSource.initialize (/Users/shivraj/Desktop/TEJAS/ReviewManager/Server/node_modules/typeorm/data-source/DataSource.js:157:17) {
  query: 'ALTER TABLE "businesses" ADD "googlePlaceId" character varying',
  parameters: undefined,
  driverError: error: column "googlePlaceId" of relation "businesses" already exists
      at /Users/shivraj/Desktop/TEJAS/ReviewManager/Server/node_modules/pg/lib/client.js:694:17
      at process.processTicksAndRejections (node:internal/process/task_queues:104:5)
      at async PostgresQueryRunner.query (/Users/shivraj/Desktop/TEJAS/ReviewManager/Server/node_modules/typeorm/driver/postgres/PostgresQueryRunner.js:181:25)
      at async PostgresQueryRunner.executeQueries (/Users/shivraj/Desktop/TEJAS/ReviewManager/Server/node_modules/typeorm/query-runner/BaseQueryRunner.js:441:13)
      at async PostgresQueryRunner.addColumn (/Users/shivraj/Desktop/TEJAS/ReviewManager/Server/node_modules/typeorm/driver/postgres/PostgresQueryRunner.js:695:9)
      at async PostgresQueryRunner.addColumns (/Users/shivraj/Desktop/TEJAS/ReviewManager/Server/node_modules/typeorm/driver/postgres/PostgresQueryRunner.js:704:13)
      at async RdbmsSchemaBuilder.addNewColumns (/Users/shivraj/Desktop/TEJAS/ReviewManager/Server/node_modules/typeorm/schema-builder/RdbmsSchemaBuilder.js:570:13)
      at async RdbmsSchemaBuilder.executeSchemaSyncOperationsInProperOrder (/Users/shivraj/Desktop/TEJAS/ReviewManager/Server/node_modules/typeorm/schema-builder/RdbmsSchemaBuilder.js:169:9)
      at async RdbmsSchemaBuilder.build (/Users/shivraj/Desktop/TEJAS/ReviewManager/Server/node_modules/typeorm/schema-builder/RdbmsSchemaBuilder.js:66:13)
      at async DataSource.synchronize (/Users/shivraj/Desktop/TEJAS/ReviewManager/Server/node_modules/typeorm/data-source/DataSource.js:212:9) {
    length: 142,
    severity: 'ERROR',
    code: '42701',
    detail: undefined,
    hint: undefined,
    position: undefined,
    internalPosition: undefined,
    internalQuery: undefined,
    where: undefined,
    schema: undefined,
    table: undefined,
    column: undefined,
    dataType: undefined,
    constraint: undefined,
    file: 'tablecmds.c',
    line: '7686',
    routine: 'check_for_column_name_collision'
  },
  length: 142,
  severity: 'ERROR',
  code: '42701',
  detail: undefined,
  hint: undefined,
  position: undefined,
  internalPosition: undefined,
  internalQuery: undefined,
  where: undefined,
  schema: undefined,
  table: undefined,
  column: undefined,
  dataType: undefined,
  constraint: undefined,
  file: 'tablecmds.c',
  line: '7686',
  routine: 'check_for_column_name_collision'
}
[31m[nodemon] app crashed - waiting for file changes before starting...[39m
